test_ambiguous_method_needs_selection (__main__.AzureContract.test_ambiguous_method_needs_selection) ... ok
test_arbitrary_legacy_collections_refuse_before_transport (__main__.AzureContract.test_arbitrary_legacy_collections_refuse_before_transport) ... ok
test_auth_network_json_and_partial_errors (__main__.AzureContract.test_auth_network_json_and_partial_errors) ... ok
test_changed_head_and_server_race (__main__.AzureContract.test_changed_head_and_server_race) ... ok
test_check_refusals_and_unresolved_discussions_without_policy (__main__.AzureContract.test_check_refusals_and_unresolved_discussions_without_policy) ... ok
test_completed_not_abandoned_poll (__main__.AzureContract.test_completed_not_abandoned_poll) ... ok
test_crew_disposition_read_is_bounded (__main__.AzureContract.test_crew_disposition_read_is_bounded) ... ok
test_crew_green_monitor_disposition (__main__.AzureContract.test_crew_green_monitor_disposition) ... ok
test_crew_passed_disposition (__main__.AzureContract.test_crew_passed_disposition) ... ok
test_crew_unreadable_and_skipped_disposition (__main__.AzureContract.test_crew_unreadable_and_skipped_disposition) ... ok
test_current_check_supersedes_old_record (__main__.AzureContract.test_current_check_supersedes_old_record) ... ok
test_head_uses_current_iteration_source (__main__.AzureContract.test_head_uses_current_iteration_source) ... ok
test_identity_routes (__main__.AzureContract.test_identity_routes) ... ok
test_landed_identity_is_actual_merge_result_not_source_snapshot (__main__.AzureContract.test_landed_identity_is_actual_merge_result_not_source_snapshot) ... ok
test_legacy_collection_transport_uses_root_organization_url (__main__.AzureContract.test_legacy_collection_transport_uses_root_organization_url) ... ok
test_malformed_identity (__main__.AzureContract.test_malformed_identity) ... ok
test_merge_reregistration_keeps_completion_draft_guard (__main__.AzureContract.test_merge_reregistration_keeps_completion_draft_guard) ... ok
test_no_waivers_or_async_success (__main__.AzureContract.test_no_waivers_or_async_success) ... ok
test_policy_refusal_matrix (__main__.AzureContract.test_policy_refusal_matrix) ... ok
test_push_only_policies_do_not_require_pr_evaluations (__main__.AzureContract.test_push_only_policies_do_not_require_pr_evaluations) ... ok
test_refusal_matrix (__main__.AzureContract.test_refusal_matrix) ... ok
test_registration_accepts_non_draft_or_unknown_draft_field (__main__.AzureContract.test_registration_accepts_non_draft_or_unknown_draft_field) ... 