FM_TEST_BEGIN 2026-10-06T23:12:29Z tests/fm-teardown.test.sh family=pr-forge expected_gate_skip=none
ok - a missing teardown startup source refuses before cleanup
ok - an unreadable teardown startup source refuses before cleanup
ok - a missing adapter sibling refuses before cleanup
not ok - missing-child-source: the refusal did not name the missing source
FM_TEST_END 2026-10-06T23:13:46Z tests/fm-teardown.test.sh exit=1 duration_ms=77040 gate_skip=false
FM_TEST_BEGIN 2026-10-06T23:13:46Z tests/fm-task-delivery.test.sh family=pure-contract-unit expected_gate_skip=none
ok - fm-spawn/fm-promote: authorized intent preserves exact words and refuses operator-address lines
ok - fm-spawn: every legacy worker receives scoped role instructions without changing project or primary instructions
ok - fm-spawn: a ship spawn requires a valid explicit mode and yolo before anything is created
ok - fm-spawn: scout and secondmate spawns refuse ship delivery flags
ok - fm-spawn: the brief's recorded mode and the spawn's explicit mode must agree
ok - fm-spawn: a rigor downgrade against the registered posture is announced, never blocked
ok - fm-spawn: a scout spawn resolves no delivery posture from the registry
ok - fm-promote: promotion requires the delivery contract and records it exactly once
ok - fm-promote: a symlinked task record is refused and its target is left untouched
ok - fm-promote: a promoted worker receives the same mode-specific delivery contract a briefed one does
●━━━━━━━━━━━━━━━━━━━━━━━━━━━━━━━━━━━━━━━━━━━━━━━━━━━━━━━━━━━━━━━━━━━━━━━
●  WATCHER DOWN - SUPERVISION IS OFF
●  1 task(s) in flight, but no watcher has a fresh beacon (last beat: never, grace 300s).
●  Trust the emitted supervision protocol for this harness; do not use shell & for watcher repair.
●  This is a supervision warning only; the guarded operation WILL still run.
●  repair a missing or failed watcher cycle with the Pi tool fm_watch_arm_pi, or restart Pi with -e /Users/martinstroher/dev/firstmate/data/ado-pr-support/nm/worktrees/324a78b3a755/01M49K3325XCG3AZXM5D4E3AZ6/.pi/extensions/fm-primary-turnend-guard.ts -e /Users/martinstroher/dev/firstmate/data/ado-pr-support/nm/worktrees/324a78b3a755/01M49K3325XCG3AZXM5D4E3AZ6/.pi/extensions/fm-primary-pi-watch.ts if the extensions are not loaded.
●━━━━━━━━━━━━━━━━━━━━━━━━━━━━━━━━━━━━━━━━━━━━━━━━━━━━━━━━━━━━━━━━━━━━━━━
ok - fm-promote: a selected branch prefix reaches both worker instructions and durable task state
not ok - a ref-format-valid metacharacter prefix should promote safely
FM_TEST_END 2026-10-06T23:20:18Z tests/fm-task-delivery.test.sh exit=1 duration_ms=391448 gate_skip=false
FM_TEST_BEGIN 2026-10-06T23:20:18Z tests/fm-test-run.test.sh family=pure-contract-unit expected_gate_skip=none
ok - exact suite coverage: --all lists every tests/*.test.sh once
ok - family selection returns a proper subset of the suite
ok - single-script selection lists exactly that path
ok - changed-file selection stays conservative (never silent full suite)
ok - a task marker refuses execution in the primary checkout and leaves worktrees and inspection alone
ok - runner and its documentation surfaces select their curated family, not just their contract owners
ok - shell line-ending policy selects runner coverage
fm-test-run: no tests selected for changes vs HEAD (map is conservative; use --all for the complete suite)
ok - changed selection covers dependents, fails closed for live unmapped source, and accepts retired unconsumed source
ok - a bin reference selects the referencing scripts, and consumers still select their curated families
ok - changed defaults to bounded automatic scheduling with serial override
ok - Windows emulation exempts only synthetic POSIX modes
ok - a plain script list defaults to bounded automatic concurrency without an automatic timeout
ok - family proofs run concurrently only within separate family phases
ok - empty changed selection emits deterministic text and JSON summaries
ok - timing markers and JSON artifact are valid
ok - aggregate exit reflects any script failure
ok - gate-skip accounting is honest and non-failing
ok - a gate skip records why it skipped
ok - a script that actually ran records no skip reason
ok - live guards are recorded as a capability class, not a bare env opt-in
ok - fail-on-gate-skip converts herdr-not-found into a hard failure
ok - exclude-family drops the named primary family after selection
ok - proven-isolated scheduling ignores parallel hints
ok - family, all, changed, and script selections ignore parallel hints
