FM_TEST_BEGIN 2026-10-06T23:12:29Z tests/fm-pr-merge.test.sh family=pr-forge expected_gate_skip=none
ok - fm-pr-merge reports exact queue retry flags after a zero-exit false success
ok - fm-pr-merge omits merge-queue retry guidance for a closed GitHub PR
ok - fm-pr-merge aggregates agreeing merge-queue rules
ok - fm-pr-merge reports ambiguity for conflicting merge-queue rules
ok - fm-pr-merge records pr= and pr_head= for a verified GitHub merge
ok - fm-pr-merge records pr= before the forge call can land the merge
ok - fm-pr-merge propagates a real merge failure without silently succeeding
ok - fm-pr-merge refuses a GitHub merge call that leaves the PR open and unqueued
ok - fm-pr-merge retries a bounded number of times when mergeable is UNKNOWN and merges once it resolves
ok - fm-pr-merge reports mergeability still pending after its bounded UNKNOWN retry is spent
ok - fm-pr-merge refuses on the UNKNOWN re-check when a check turned red between reads
ok - fm-pr-merge refuses a genuine mergeable conflict immediately, without retrying
ok - fm-pr-merge keeps PR bookkeeping when it cannot read a successful merge call's outcome
ok - fm-pr-merge refuses with the forge's own output quoted apart from its verdict
ok - fm-pr-merge quotes the forge output when it cannot read the outcome either
ok - fm-pr-merge does not echo back queue flags the caller already used
ok - fm-pr-merge still names retry flags when the caller used a different method
ok - fm-pr-merge names the queue requirement even when its method is unrecognised
ok - fm-pr-merge distinguishes unreadable branch rules from a base with no merge queue
ok - fm-pr-merge reads a plan-gated 403 on branch rules as no merge queue, not unreadable
ok - fm-pr-merge says nothing about a merge queue when the base branch has no queue rule
ok - fm-pr-merge accepts only a proved merge from the gh-axi fallback
ok - fm-pr-merge explains an armed auto-merge that landed nothing on a queue-less base
ok - fm-pr-merge never reports auto-merge as armed when the merge command failed
ok - fm-pr-merge claims no acceptance for a failed merge command carrying queue flags
