ok - Azure draft review prefers the live source revision over a stale recorded head
●━━━━━━━━━━━━━━━━━━━━━━━━━━━━━━━━━━━━━━━━━━━━━━━━━━━━━━━━━━━━━━━━━━━━━━━
●  WATCHER DOWN - SUPERVISION IS OFF
●  1 task(s) in flight, but no live watcher process holds this home lock (last beat: 0s ago).
●  Trust the emitted supervision protocol for this harness; do not use shell & for watcher repair.
●  This is a supervision warning only; the guarded operation WILL still run.
●  repair a missing or failed watcher cycle with the Pi tool fm_watch_arm_pi, or restart Pi with -e /Users/martinstroher/dev/firstmate/data/ado-pr-support/nm/worktrees/324a78b3a755/01M49K3325XCG3AZXM5D4E3AZ6/.pi/extensions/fm-primary-turnend-guard.ts -e /Users/martinstroher/dev/firstmate/data/ado-pr-support/nm/worktrees/324a78b3a755/01M49K3325XCG3AZXM5D4E3AZ6/.pi/extensions/fm-primary-pi-watch.ts if the extensions are not loaded.
●━━━━━━━━━━━━━━━━━━━━━━━━━━━━━━━━━━━━━━━━━━━━━━━━━━━━━━━━━━━━━━━━━━━━━━━
ok - project-specific PR branch selection survives review
ok - fm-review-diff falls back to recorded pr_head when pull head cannot be fetched
ok - fm-review-diff fetches refs/pull/<n>/head when pr_head= is absent
ok - fm-review-diff prefers freshly fetched PR head over a stale recorded pr_head=
ok - fm-review-diff without pr= keeps the worktree-branch diff
ok - fm-review-diff falls back to local branch with a warning when PR head is unreachable
ok - fm-review-diff reviews the meta-recorded ship branch even when the worktree HEAD moved off it
ok - fm-review-diff refuses a corrupt recorded ship branch instead of reviewing the wrong content
●━━━━━━━━━━━━━━━━━━━━━━━━━━━━━━━━━━━━━━━━━━━━━━━━━━━━━━━━━━━━━━━━━━━━━━━
●  WATCHER DOWN - SUPERVISION IS OFF
●  1 task(s) in flight, but no live watcher process holds this home lock (last beat: 1s ago).
●  Trust the emitted supervision protocol for this harness; do not use shell & for watcher repair.
●  This is a supervision warning only; the guarded operation WILL still run.
●  repair a missing or failed watcher cycle with the Pi tool fm_watch_arm_pi, or restart Pi with -e /Users/martinstroher/dev/firstmate/data/ado-pr-support/nm/worktrees/324a78b3a755/01M49K3325XCG3AZXM5D4E3AZ6/.pi/extensions/fm-primary-turnend-guard.ts -e /Users/martinstroher/dev/firstmate/data/ado-pr-support/nm/worktrees/324a78b3a755/01M49K3325XCG3AZXM5D4E3AZ6/.pi/extensions/fm-primary-pi-watch.ts if the extensions are not loaded.
●━━━━━━━━━━━━━━━━━━━━━━━━━━━━━━━━━━━━━━━━━━━━━━━━━━━━━━━━━━━━━━━━━━━━━━━
ok - fm-review-diff compares a task against its recorded base branch
